com.openssh.sshd                                         /System/Library/LaunchDaemons/ssh.plist
com.apple.tftp                                           /System/Library/LaunchDaemons/tftp.plist
com.apple.AppleFileServer                                /System/Library/LaunchDaemons/com.apple.AppleFileServer.plist
com.apple.smbd                                           /System/Library/LaunchDaemons/com.apple.smbd.plist
com.apple.NetworkSharing                                 /System/Library/LaunchDaemons/com.apple.NetworkSharing.plist
org.apache.httpd                                         /System/Library/LaunchDaemons/org.apache.httpd.plist
com.apple.screensharing                                  /System/Library/LaunchDaemons/com.apple.screensharing.plist
com.apple.uucp                                           /System/Library/LaunchDaemons/com.apple.uucp.plist
com.apple.nfsd                                           /System/Library/LaunchDaemons/com.apple.nfsd.plist
com.apple.lockd                                          /System/Library/LaunchDaemons/com.apple.lockd.plist
com.apple.statd.notify                                   /System/Library/LaunchDaemons/com.apple.statd.notify.plist
com.apple.AEServer                                       /System/Library/LaunchDaemons/com.apple.eppc.plist
com.apple.fingerd                                        /System/Library/LaunchDaemons/
com.apple.ftpd                                           /System/Library/LaunchDaemons/
com.apple.telnetd                                        /System/Library/LaunchDaemons/
com.apple.rshd                                           /System/Library/LaunchDaemons/

com.apple.apsd                                           /System/Library/LaunchDaemons/com.apple.apsd.plist
com.apple.InstallerDiagnostics.installerdiagwatcher      /System/Library/LaunchDaemons/com.apple.InstallerDiagnostics.installerdiagwatcher.plist
com.apple.InstallerDiagnostics.installerdiagd            /System/Library/LaunchDaemons/com.apple.InstallerDiagnostics.installerdiagd.plist
com.apple.icloud.findmydeviced                           /System/Library/LaunchDaemons/com.apple.icloud.findmydeviced.plist
com.apple.akd                                            /System/Library/LaunchDaemons/com.apple.akd.plist
com.apple.rapportd                                       /System/Library/LaunchDaemons/com.apple.rapportd.plist

com.apple.akd                                            /System/Library/LaunchAgents/com.apple.akd.plist
com.apple.rapportd                                       /System/Library/LaunchAgents/com.apple.rapportd-user.plist
com.apple.parsecd                                        /System/Library/LaunchAgents/com.apple.parsecd.plist
com.apple.cloudphotosd                                   /System/Library/LaunchAgents/com.apple.cloudphotosd.plist
com.apple.cloudd                                         /System/Library/LaunchAgents/com.apple.cloudd.plist
com.apple.suggestd                                       /System/Library/LaunchAgents/com.apple.suggestd.plist
com.apple.Maps.mapspushd                                 /System/Library/LaunchAgents/com.apple.Maps.pushdaemon.plist
com.apple.icloud.fmfd                                    /System/Library/LaunchAgents/com.apple.icloud.fmfd.plist
com.apple.cloudpaird                                     /System/Library/LaunchAgents/com.apple.cloudpaird.plist
com.apple.identityservicesd                              /System/Library/LaunchAgents/com.apple.identityservicesd.plist
com.apple.imagent                                        /System/Library/LaunchAgents/com.apple.imagent.plist
com.apple.keyboardservicesd                              /System/Library/LaunchAgents/com.apple.keyboardservicesd.plist
com.apple.passd                                          /System/Library/LaunchAgents/com.apple.passd.plist
com.apple.protectedcloudstorage.protectedcloudkeysyncing /System/Library/LaunchAgents/com.apple.protectedcloudstorage.protectedcloudkeysyncing.plist
com.apple.assistantd                                     /System/Library/LaunchAgents/com.apple.assistantd.plist
com.apple.soagent                                        /System/Library/LaunchAgents/com.apple.soagent.plist
com.apple.telephonyutilities.callservicesd               /System/Library/LaunchAgents/com.apple.telephonyutilities.callservicesd.plist
com.apple.AddressBook.SourceSync                         /System/Library/LaunchAgents/com.apple.AddressBook.SourceSync.plist
